#! /usr/local/bin/vvp
:ivl_version "12.0 (devel)" "(s20150603-1148-gef01dd1e)";
:ivl_delay_selection "TYPICAL";
:vpi_time_precision + 0;
:vpi_module "/usr/local/lib/ivl/system.vpi";
:vpi_module "/usr/local/lib/ivl/vhdl_sys.vpi";
:vpi_module "/usr/local/lib/ivl/vhdl_textio.vpi";
:vpi_module "/usr/local/lib/ivl/v2005_math.vpi";
:vpi_module "/usr/local/lib/ivl/va_math.vpi";
S_0x5628820e8f30 .scope module, "IIR_Filter" "IIR_Filter" 2 4;
 .timescale 0 0;
    .port_info 0 /INPUT 1 "clk";
    .port_info 1 /INPUT 1 "rst";
    .port_info 2 /INPUT 1 "en";
    .port_info 3 /INPUT 16 "X";
    .port_info 4 /INPUT 16 "a0";
    .port_info 5 /INPUT 16 "a1";
    .port_info 6 /INPUT 16 "a2";
    .port_info 7 /INPUT 16 "b1";
    .port_info 8 /INPUT 16 "b2";
    .port_info 9 /OUTPUT 32 "Y";
P_0x5628820e6e00 .param/l "N" 0 2 6, +C4<00000000000000000000000000010000>;
o0x7f97a4368018 .functor BUFZ 16, C4<zzzzzzzzzzzzzzzz>; HiZ drive
v0x562882110580_0 .net "X", 15 0, o0x7f97a4368018;  0 drivers
v0x5628821110e0_0 .var "X1", 15 0;
v0x562882111870_0 .var "X2", 15 0;
v0x562882140ac0_0 .var "X3", 15 0;
v0x562882140ba0_0 .net "Y", 31 0, L_0x562882141de0;  1 drivers
v0x562882140cd0_0 .var "Y1", 15 0;
v0x562882140db0_0 .var "Y2", 15 0;
v0x562882140e90_0 .var "Yt", 15 0;
L_0x7f97a4301018 .functor BUFT 1, C4<0000000000000000>, C4<0>, C4<0>, C4<0>;
v0x562882140f70_0 .net *"_ivl_3", 15 0, L_0x7f97a4301018;  1 drivers
o0x7f97a43681c8 .functor BUFZ 16, C4<zzzzzzzzzzzzzzzz>; HiZ drive
v0x562882141050_0 .net "a0", 15 0, o0x7f97a43681c8;  0 drivers
o0x7f97a43681f8 .functor BUFZ 16, C4<zzzzzzzzzzzzzzzz>; HiZ drive
v0x562882141130_0 .net "a1", 15 0, o0x7f97a43681f8;  0 drivers
o0x7f97a4368228 .functor BUFZ 16, C4<zzzzzzzzzzzzzzzz>; HiZ drive
v0x562882141210_0 .net "a2", 15 0, o0x7f97a4368228;  0 drivers
o0x7f97a4368258 .functor BUFZ 16, C4<zzzzzzzzzzzzzzzz>; HiZ drive
v0x5628821412f0_0 .net "b1", 15 0, o0x7f97a4368258;  0 drivers
o0x7f97a4368288 .functor BUFZ 16, C4<zzzzzzzzzzzzzzzz>; HiZ drive
v0x5628821413d0_0 .net "b2", 15 0, o0x7f97a4368288;  0 drivers
o0x7f97a43682b8 .functor BUFZ 1, C4<z>; HiZ drive
v0x5628821414b0_0 .net "clk", 0 0, o0x7f97a43682b8;  0 drivers
v0x562882141570_0 .var "coeff", 15 0;
v0x562882141650_0 .var "cycle_valid", 0 0;
o0x7f97a4368348 .functor BUFZ 1, C4<z>; HiZ drive
v0x562882141820_0 .net "en", 0 0, o0x7f97a4368348;  0 drivers
v0x5628821418e0_0 .var "phase", 2 0;
v0x5628821419c0_0 .var "result", 15 0;
o0x7f97a43683d8 .functor BUFZ 1, C4<z>; HiZ drive
v0x562882141aa0_0 .net "rst", 0 0, o0x7f97a43683d8;  0 drivers
v0x562882141b60_0 .var "samplevalue", 15 0;
E_0x5628821235e0 .event posedge, v0x5628821414b0_0;
E_0x5628820e7510 .event anyedge, v0x562882140ac0_0, v0x562882111870_0, v0x5628821110e0_0, v0x5628821418e0_0;
L_0x562882141de0 .concat [ 16 16 0 0], v0x562882140e90_0, L_0x7f97a4301018;
    .scope S_0x5628820e8f30;
T_0 ;
    %wait E_0x5628820e7510;
    %load/vec4 v0x5628821418e0_0;
    %cmpi/e 0, 0, 3;
    %jmp/0xz  T_0.0, 4;
    %load/vec4 v0x5628821110e0_0;
    %assign/vec4 v0x562882141b60_0, 0;
    %load/vec4 v0x562882141050_0;
    %assign/vec4 v0x562882141570_0, 0;
T_0.0 ;
    %load/vec4 v0x5628821418e0_0;
    %cmpi/e 1, 0, 3;
    %jmp/0xz  T_0.2, 4;
    %load/vec4 v0x562882111870_0;
    %assign/vec4 v0x562882141b60_0, 0;
    %load/vec4 v0x562882141130_0;
    %assign/vec4 v0x562882141570_0, 0;
T_0.2 ;
    %load/vec4 v0x5628821418e0_0;
    %cmpi/e 2, 0, 3;
    %jmp/0xz  T_0.4, 4;
    %load/vec4 v0x562882140ac0_0;
    %assign/vec4 v0x562882141b60_0, 0;
    %load/vec4 v0x562882141210_0;
    %assign/vec4 v0x562882141570_0, 0;
T_0.4 ;
    %load/vec4 v0x5628821418e0_0;
    %cmpi/e 0, 0, 3;
    %jmp/0xz  T_0.6, 4;
    %load/vec4 v0x562882140cd0_0;
    %assign/vec4 v0x562882141b60_0, 0;
    %load/vec4 v0x5628821412f0_0;
    %assign/vec4 v0x562882141570_0, 0;
T_0.6 ;
    %load/vec4 v0x5628821418e0_0;
    %cmpi/e 0, 0, 3;
    %jmp/0xz  T_0.8, 4;
    %load/vec4 v0x562882140db0_0;
    %assign/vec4 v0x562882141b60_0, 0;
    %load/vec4 v0x5628821413d0_0;
    %assign/vec4 v0x562882141570_0, 0;
    %jmp T_0.9;
T_0.8 ;
    %pushi/vec4 0, 0, 16;
    %assign/vec4 v0x562882141b60_0, 0;
T_0.9 ;
    %jmp T_0;
    .thread T_0, $push;
    .scope S_0x5628820e8f30;
T_1 ;
    %wait E_0x5628821235e0;
    %load/vec4 v0x562882141aa0_0;
    %cmpi/e 1, 0, 1;
    %jmp/0xz  T_1.0, 4;
    %pushi/vec4 0, 0, 16;
    %assign/vec4 v0x562882140cd0_0, 0;
    %pushi/vec4 0, 0, 16;
    %assign/vec4 v0x562882140db0_0, 0;
    %pushi/vec4 0, 0, 16;
    %assign/vec4 v0x5628821110e0_0, 0;
    %pushi/vec4 0, 0, 16;
    %assign/vec4 v0x562882111870_0, 0;
    %pushi/vec4 0, 0, 16;
    %assign/vec4 v0x562882140ac0_0, 0;
    %jmp T_1.1;
T_1.0 ;
    %load/vec4 v0x562882141820_0;
    %cmpi/e 1, 0, 1;
    %jmp/0xz  T_1.2, 4;
    %load/vec4 v0x562882140ba0_0;
    %pad/u 16;
    %assign/vec4 v0x562882140cd0_0, 0;
    %load/vec4 v0x562882140cd0_0;
    %assign/vec4 v0x562882140db0_0, 0;
    %load/vec4 v0x562882110580_0;
    %assign/vec4 v0x5628821110e0_0, 0;
    %load/vec4 v0x5628821110e0_0;
    %assign/vec4 v0x562882111870_0, 0;
    %load/vec4 v0x562882111870_0;
    %assign/vec4 v0x562882140ac0_0, 0;
T_1.2 ;
T_1.1 ;
    %load/vec4 v0x5628821418e0_0;
    %cmpi/e 6, 0, 3;
    %jmp/0xz  T_1.4, 4;
    %load/vec4 v0x5628821419c0_0;
    %assign/vec4 v0x562882140e90_0, 0;
T_1.4 ;
    %jmp T_1;
    .thread T_1;
    .scope S_0x5628820e8f30;
T_2 ;
    %wait E_0x5628821235e0;
    %load/vec4 v0x562882141aa0_0;
    %cmpi/e 1, 0, 1;
    %jmp/0xz  T_2.0, 4;
    %pushi/vec4 0, 0, 16;
    %assign/vec4 v0x5628821419c0_0, 0;
    %jmp T_2.1;
T_2.0 ;
    %load/vec4 v0x562882141650_0;
    %flag_set/vec4 8;
    %jmp/0xz  T_2.2, 8;
    %load/vec4 v0x5628821419c0_0;
    %load/vec4 v0x562882141b60_0;
    %load/vec4 v0x562882141570_0;
    %mul;
    %ix/load 4, 4, 0;
    %flag_set/imm 4, 0;
    %shiftr 4;
    %add;
    %assign/vec4 v0x5628821419c0_0, 0;
T_2.2 ;
    %load/vec4 v0x5628821418e0_0;
    %cmpi/e 7, 0, 3;
    %jmp/0xz  T_2.4, 4;
    %pushi/vec4 0, 0, 16;
    %assign/vec4 v0x5628821419c0_0, 0;
T_2.4 ;
T_2.1 ;
    %jmp T_2;
    .thread T_2;
    .scope S_0x5628820e8f30;
T_3 ;
    %wait E_0x5628821235e0;
    %load/vec4 v0x562882141aa0_0;
    %cmpi/e 1, 0, 1;
    %jmp/0xz  T_3.0, 4;
    %pushi/vec4 0, 0, 3;
    %assign/vec4 v0x5628821418e0_0, 0;
    %jmp T_3.1;
T_3.0 ;
    %load/vec4 v0x562882141650_0;
    %flag_set/vec4 8;
    %jmp/0xz  T_3.2, 8;
    %load/vec4 v0x5628821418e0_0;
    %addi 1, 0, 3;
    %assign/vec4 v0x5628821418e0_0, 0;
T_3.2 ;
T_3.1 ;
    %jmp T_3;
    .thread T_3;
    .scope S_0x5628820e8f30;
T_4 ;
    %wait E_0x5628821235e0;
    %load/vec4 v0x562882141aa0_0;
    %cmpi/e 1, 0, 1;
    %jmp/0xz  T_4.0, 4;
    %pushi/vec4 0, 0, 1;
    %assign/vec4 v0x562882141650_0, 0;
    %jmp T_4.1;
T_4.0 ;
    %load/vec4 v0x562882141820_0;
    %cmpi/e 1, 0, 1;
    %jmp/0xz  T_4.2, 4;
    %pushi/vec4 1, 0, 1;
    %assign/vec4 v0x562882141650_0, 0;
    %jmp T_4.3;
T_4.2 ;
    %load/vec4 v0x5628821418e0_0;
    %cmpi/e 5, 0, 3;
    %jmp/0xz  T_4.4, 4;
    %pushi/vec4 0, 0, 1;
    %assign/vec4 v0x562882141650_0, 0;
T_4.4 ;
T_4.3 ;
T_4.1 ;
    %jmp T_4;
    .thread T_4;
# The file index is used to find the file name in the following table.
:file_names 3;
    "N/A";
    "<interactive>";
    "optIIR_Filter.v";
